{"kind":"project.opened","ts":1780443538027306200,"source":"ui","desc":"Project opened","fields":[["dir","fixtures/demo.stune"],["display_name","Demo (synthetic)"]],"checksum":3911513833}
{"kind":"project.opened","ts":1780593243515074700,"source":"ui","desc":"Project opened","fields":[["dir","fixtures/demo.stune"],["display_name","Demo (synthetic)"]],"checksum":2039962678}
{"kind":"project.opened","ts":1780630373225194800,"source":"ui","desc":"Project opened","fields":[["dir","fixtures/demo.stune"],["display_name","Demo (synthetic)"]],"checksum":506354637}
{"kind":"project.opened","ts":1780667822793787600,"source":"ui","desc":"Project opened","fields":[["dir","fixtures/demo.stune"],["display_name","Demo (synthetic)"]],"checksum":1914442487}
{"kind":"project.opened","ts":1780799726168005300,"source":"ui","desc":"Project opened","fields":[["dir","D:\\Subuwu\\code\\fixtures\\demo.stune"],["display_name","Demo (synthetic)"]],"checksum":2784775926}
{"kind":"project.opened","ts":1780861970370514200,"source":"ui","desc":"Project opened","fields":[["dir","D:/Subuwu/code/fixtures/demo.stune"],["display_name","Demo (synthetic)"]],"checksum":3157162545}
{"kind":"project.opened","ts":1785715921943965400,"source":"ui","desc":"Project opened","fields":[["dir","fixtures/demo.stune"],["display_name","Demo (synthetic)"]],"checksum":1167497710}
{"kind":"project.opened","ts":1787364856888581700,"source":"ui","desc":"Project opened","fields":[["dir","D:\\Subuwu\\code\\fixtures\\demo.stune"],["display_name","Demo (synthetic)"]],"checksum":2852375628}
{"kind":"project.opened","ts":1787365042211988600,"source":"ui","desc":"Project opened","fields":[["dir","D:\\Subuwu\\code\\fixtures\\demo.stune"],["display_name","Demo (synthetic)"]],"checksum":1872901169}
{"kind":"project.opened","ts":1787365162419189900,"source":"ui","desc":"Project opened","fields":[["dir","D:\\Subuwu\\code\\fixtures\\demo.stune"],["display_name","Demo (synthetic)"]],"checksum":2387214018}
{"kind":"project.opened","ts":1787365252601681500,"source":"ui","desc":"Project opened","fields":[["dir","D:\\Subuwu\\code\\fixtures\\demo.stune"],["display_name","Demo (synthetic)"]],"checksum":1138190558}
{"kind":"project.opened","ts":1787365552513924000,"source":"ui","desc":"Project opened","fields":[["dir","D:\\Subuwu\\code\\fixtures\\demo.stune"],["display_name","Demo (synthetic)"]],"checksum":2668684833}
{"kind":"project.opened","ts":1787365593517373600,"source":"ui","desc":"Project opened","fields":[["dir","D:\\Subuwu\\code\\fixtures\\demo.stune"],["display_name","Demo (synthetic)"]],"checksum":783879873}
{"kind":"project.opened","ts":1787365722983003000,"source":"ui","desc":"Project opened","fields":[["dir","D:\\Subuwu\\code\\fixtures\\demo.stune"],["display_name","Demo (synthetic)"]],"checksum":1536734007}
{"kind":"project.opened","ts":1787365742184083000,"source":"ui","desc":"Project opened","fields":[["dir","D:\\Subuwu\\code\\fixtures\\demo.stune"],["display_name","Demo (synthetic)"]],"checksum":687255325}
{"kind":"project.opened","ts":1787365763962390900,"source":"ui","desc":"Project opened","fields":[["dir","D:\\Subuwu\\code\\fixtures\\demo.stune"],["display_name","Demo (synthetic)"]],"checksum":2478442048}
{"kind":"project.opened","ts":1787366023086430400,"source":"ui","desc":"Project opened","fields":[["dir","D:\\Subuwu\\code\\fixtures\\demo.stune"],["display_name","Demo (synthetic)"]],"checksum":4403779}
{"kind":"project.opened","ts":1787366934590507100,"source":"ui","desc":"Project opened","fields":[["dir","D:\\Subuwu\\code\\fixtures\\demo.stune"],["display_name","Demo (synthetic)"]],"checksum":3810692625}
{"kind":"project.opened","ts":1787367460639979700,"source":"ui","desc":"Project opened","fields":[["dir","D:\\Subuwu\\code\\fixtures\\demo.stune"],["display_name","Demo (synthetic)"]],"checksum":2306464624}
{"kind":"project.opened","ts":1787367481318181300,"source":"ui","desc":"Project opened","fields":[["dir","D:\\Subuwu\\code\\fixtures\\demo.stune"],["display_name","Demo (synthetic)"]],"checksum":2035069660}
{"kind":"project.opened","ts":1787367516800061700,"source":"ui","desc":"Project opened","fields":[["dir","D:\\Subuwu\\code\\fixtures\\demo.stune"],["display_name","Demo (synthetic)"]],"checksum":1477288190}
{"kind":"project.opened","ts":1787367556387798200,"source":"ui","desc":"Project opened","fields":[["dir","D:\\Subuwu\\code\\fixtures\\demo.stune"],["display_name","Demo (synthetic)"]],"checksum":2869254138}
{"kind":"project.opened","ts":1787367691965934000,"source":"ui","desc":"Project opened","fields":[["dir","D:\\Subuwu\\code\\fixtures\\demo.stune"],["display_name","Demo (synthetic)"]],"checksum":2279466778}
{"kind":"project.opened","ts":1787367901017446100,"source":"ui","desc":"Project opened","fields":[["dir","D:\\Subuwu\\code\\fixtures\\demo.stune"],["display_name","Demo (synthetic)"]],"checksum":3045595702}
{"kind":"project.opened","ts":1787368105396122300,"source":"ui","desc":"Project opened","fields":[["dir","D:\\Subuwu\\code\\fixtures\\demo.stune"],["display_name","Demo (synthetic)"]],"checksum":3609930402}
{"kind":"project.opened","ts":1787368578078036900,"source":"ui","desc":"Project opened","fields":[["dir","D:\\Subuwu\\code\\fixtures\\demo.stune"],["display_name","Demo (synthetic)"]],"checksum":1387563470}
{"kind":"project.opened","ts":1787368704054089700,"source":"ui","desc":"Project opened","fields":[["dir","D:\\Subuwu\\code\\fixtures\\demo.stune"],["display_name","Demo (synthetic)"]],"checksum":3504107273}
{"kind":"project.opened","ts":1787406884107893600,"source":"ui","desc":"Project opened","fields":[["dir","D:\\Subuwu\\code\\fixtures\\demo.stune"],["display_name","Demo (synthetic)"]],"checksum":1427819867}
{"kind":"project.opened","ts":1787407001592026200,"source":"ui","desc":"Project opened","fields":[["dir","D:\\Subuwu\\code\\fixtures\\demo.stune"],["display_name","Demo (synthetic)"]],"checksum":4002080457}
{"kind":"project.opened","ts":1787407985553202600,"source":"ui","desc":"Project opened","fields":[["dir","D:\\Subuwu\\code\\.cache\\ui-smoke\\roundtrip.stune"],["display_name","Demo (synthetic)"]],"checksum":3066326186}
{"kind":"project.edit_committed","ts":1787407992882319800,"source":"ui.editor","desc":"set","fields":[["table","boost_target_high_octane"],["cells","1"]],"checksum":1331439751}
{"kind":"project.saved","ts":1787407997187840200,"source":"ui","desc":"Project saved","fields":[["display_name","Demo (synthetic)"],["dir","D:\\Subuwu\\code\\.cache\\ui-smoke\\roundtrip.stune"]],"checksum":2815981041}
{"kind":"project.opened","ts":1787408004601626000,"source":"ui","desc":"Project opened","fields":[["dir","D:\\Subuwu\\code\\.cache\\ui-smoke\\roundtrip.stune"],["display_name","Demo (synthetic)"]],"checksum":1214760611}
